{
  "version": "1.5.0",
  "plugins_used": [
    {
      "name": "ArtifactoryDetector"
    },
    {
      "name": "AWSKeyDetector"
    },
    {
      "name": "AzureStorageKeyDetector"
    },
    {
      "name": "Base64HighEntropyString",
      "limit": 4.5
    },
    {
      "name": "BasicAuthDetector"
    },
    {
      "name": "CloudantDetector"
    },
    {
      "name": "DiscordBotTokenDetector"
    },
    {
      "name": "GitHubTokenDetector"
    },
    {
      "name": "GitLabTokenDetector"
    },
    {
      "name": "HexHighEntropyString",
      "limit": 3.0
    },
    {
      "name": "IbmCloudIamDetector"
    },
    {
      "name": "IbmCosHmacDetector"
    },
    {
      "name": "IPPublicDetector"
    },
    {
      "name": "JwtTokenDetector"
    },
    {
      "name": "KeywordDetector",
      "keyword_exclude": ""
    },
    {
      "name": "MailchimpDetector"
    },
    {
      "name": "NpmDetector"
    },
    {
      "name": "OpenAIDetector"
    },
    {
      "name": "PrivateKeyDetector"
    },
    {
      "name": "PypiTokenDetector"
    },
    {
      "name": "SendGridDetector"
    },
    {
      "name": "SlackDetector"
    },
    {
      "name": "SoftlayerDetector"
    },
    {
      "name": "SquareOAuthDetector"
    },
    {
      "name": "StripeDetector"
    },
    {
      "name": "TelegramBotTokenDetector"
    },
    {
      "name": "TwilioKeyDetector"
    }
  ],
  "filters_used": [
    {
      "path": "detect_secrets.filters.allowlist.is_line_allowlisted"
    },
    {
      "path": "detect_secrets.filters.common.is_ignored_due_to_verification_policies",
      "min_level": 2
    },
    {
      "path": "detect_secrets.filters.heuristic.is_indirect_reference"
    },
    {
      "path": "detect_secrets.filters.heuristic.is_likely_id_string"
    },
    {
      "path": "detect_secrets.filters.heuristic.is_lock_file"
    },
    {
      "path": "detect_secrets.filters.heuristic.is_not_alphanumeric_string"
    },
    {
      "path": "detect_secrets.filters.heuristic.is_potential_uuid"
    },
    {
      "path": "detect_secrets.filters.heuristic.is_prefixed_with_dollar_sign"
    },
    {
      "path": "detect_secrets.filters.heuristic.is_sequential_string"
    },
    {
      "path": "detect_secrets.filters.heuristic.is_swagger_file"
    },
    {
      "path": "detect_secrets.filters.heuristic.is_templated_secret"
    }
  ],
  "results": {
    "brownfield-recipes/deterministic-audit/audit/rules/checks/sec.py": [
      {
        "type": "Private Key",
        "filename": "brownfield-recipes/deterministic-audit/audit/rules/checks/sec.py",
        "hashed_secret": "1348b145fa1a555461c1b790a2f66614781091e9",
        "is_verified": false,
        "line_number": 254
      }
    ],
    "brownfield-recipes/deterministic-audit/examples/digital-assistant-sdk/audit-report.json": [
      {
        "type": "Hex High Entropy String",
        "filename": "brownfield-recipes/deterministic-audit/examples/digital-assistant-sdk/audit-report.json",
        "hashed_secret": "131a273bb3cffb1bd0c5d88ecc6c4514b5d342f4",
        "is_verified": false,
        "line_number": 2090
      },
      {
        "type": "Hex High Entropy String",
        "filename": "brownfield-recipes/deterministic-audit/examples/digital-assistant-sdk/audit-report.json",
        "hashed_secret": "3e3d364cf5e11813b9619bfa510d2d8a68f60154",
        "is_verified": false,
        "line_number": 2093
      }
    ],
    "brownfield-recipes/deterministic-audit/tests/fixtures/sec-02-key-shaped/config.py": [
      {
        "type": "Base64 High Entropy String",
        "filename": "brownfield-recipes/deterministic-audit/tests/fixtures/sec-02-key-shaped/config.py",
        "hashed_secret": "a7b9dc04979305b3187c33acb5085bc702f06842",
        "is_verified": false,
        "line_number": 2
      },
      {
        "type": "Secret Keyword",
        "filename": "brownfield-recipes/deterministic-audit/tests/fixtures/sec-02-key-shaped/config.py",
        "hashed_secret": "a7b9dc04979305b3187c33acb5085bc702f06842",
        "is_verified": false,
        "line_number": 2
      }
    ],
    "brownfield-recipes/deterministic-audit/tests/test_report_render.py": [
      {
        "type": "Base64 High Entropy String",
        "filename": "brownfield-recipes/deterministic-audit/tests/test_report_render.py",
        "hashed_secret": "fc6b115d53902ebbb6c09e79ad9358b5f53a3e1f",
        "is_verified": false,
        "line_number": 38
      },
      {
        "type": "Secret Keyword",
        "filename": "brownfield-recipes/deterministic-audit/tests/test_report_render.py",
        "hashed_secret": "fc6b115d53902ebbb6c09e79ad9358b5f53a3e1f",
        "is_verified": false,
        "line_number": 38
      }
    ],
    "brownfield-recipes/deterministic-audit/tests/test_sec_pack.py": [
      {
        "type": "Base64 High Entropy String",
        "filename": "brownfield-recipes/deterministic-audit/tests/test_sec_pack.py",
        "hashed_secret": "a7b9dc04979305b3187c33acb5085bc702f06842",
        "is_verified": false,
        "line_number": 39
      },
      {
        "type": "Secret Keyword",
        "filename": "brownfield-recipes/deterministic-audit/tests/test_sec_pack.py",
        "hashed_secret": "a7b9dc04979305b3187c33acb5085bc702f06842",
        "is_verified": false,
        "line_number": 39
      }
    ],
    "greenfield-bootstrap/templates/infra/litellm_config.yaml": [
      {
        "type": "Secret Keyword",
        "filename": "greenfield-bootstrap/templates/infra/litellm_config.yaml",
        "hashed_secret": "02a6758222c5b7d42b78c632e49943585c2badd7",
        "is_verified": false,
        "line_number": 5
      }
    ]
  },
  "generated_at": "2026-10-09T10:34:06Z"
}
